﻿[dotenv@17.2.3] injecting env (15) from .env -- tip: ΓÜÖ∩╕Å  suppress all logs with { quiet: true }
Connected to DB
Created test user: test_shagun_1770961904148@example.com
node : Validation 
Error Details: {
At line:1 char:1
+ node test-shagun-is
olation.js > 
test_output.txt 2>&1
+ ~~~~~~~~~~~~~~~~~~~
~~~~~~~~~~~~~~~~~~~~~
~~~~~~~~~~~~
    + CategoryInfo   
           : NotSpe  
  cified: (Validat   
 ion Error Detail    
s: {:String) [],     
RemoteException
    + FullyQualified 
   ErrorId : Native  
  CommandError
 
  brideName: 'Path 
`brideName` is 
required.',
  groomName: 'Path 
`groomName` is 
required.'
}
Test failed: 
ValidationError: 
Wedding validation 
failed: brideName: 
Path `brideName` is 
required., 
groomName: Path 
`groomName` is 
required.
    at 
Document.invalidate 
(D:\interview\MCA PRO
JECT\backend\node_mod
ules\mongoose\lib\doc
ument.js:3370:32)
    at validatePath 
(D:\interview\MCA PRO
JECT\backend\node_mod
ules\mongoose\lib\doc
ument.js:3145:13)
    at process.proces
sTicksAndRejections (
node:internal/process
/task_queues:105:5)
    at async 
Promise.all (index 0)
    at async 
model.$__validate 
(D:\interview\MCA PRO
JECT\backend\node_mod
ules\mongoose\lib\doc
ument.js:3086:3)
    at async 
model.validate 
(D:\interview\MCA PRO
JECT\backend\node_mod
ules\mongoose\lib\doc
ument.js:2663:5)
    at async model.va
lidateBeforeSave 
(D:\interview\MCA PRO
JECT\backend\node_mod
ules\mongoose\lib\plu
gins\validateBeforeSa
ve.js:34:7)
    at async 
Kareem.execPre 
(D:\interview\MCA PRO
JECT\backend\node_mod
ules\kareem\index.js:
65:24)
    at async 
model.$__save 
(D:\interview\MCA PRO
JECT\backend\node_mod
ules\mongoose\lib\mod
el.js:369:5)
    at async 
model.save 
(D:\interview\MCA PRO
JECT\backend\node_mod
ules\mongoose\lib\mod
el.js:609:5) {
  errors: {
    brideName: 
ValidatorError: Path 
`brideName` is 
required.
        at SchemaStri
ng.doValidate 
(D:\interview\MCA PRO
JECT\backend\node_mod
ules\mongoose\lib\sch
emaType.js:1425:13)
        at 
validatePath 
(D:\interview\MCA PRO
JECT\backend\node_mod
ules\mongoose\lib\doc
ument.js:3137:24)
        at 
model.$__validate 
(D:\interview\MCA PRO
JECT\backend\node_mod
ules\mongoose\lib\doc
ument.js:3083:21)
        at process.pr
ocessTicksAndRejectio
ns (node:internal/pro
cess/task_queues:105:
5)
        at async 
model.validate 
(D:\interview\MCA PRO
JECT\backend\node_mod
ules\mongoose\lib\doc
ument.js:2663:5)
        at async mode
l.validateBeforeSave 
(D:\interview\MCA PRO
JECT\backend\node_mod
ules\mongoose\lib\plu
gins\validateBeforeSa
ve.js:34:7)
        at async 
Kareem.execPre 
(D:\interview\MCA PRO
JECT\backend\node_mod
ules\kareem\index.js:
65:24)
        at async 
model.$__save 
(D:\interview\MCA PRO
JECT\backend\node_mod
ules\mongoose\lib\mod
el.js:369:5)
        at async 
model.save 
(D:\interview\MCA PRO
JECT\backend\node_mod
ules\mongoose\lib\mod
el.js:609:5)
        at async 
D:\interview\MCA PROJ
ECT\backend\node_modu
les\mongoose\lib\mode
l.js:2722:9 {
      properties: 
[Object],
      kind: 
'required',
      path: 
'brideName',
      value: 
undefined,
      reason: 
undefined,
      Symbol(mongoose
#validatorError): 
true
    },
    groomName: 
ValidatorError: Path 
`groomName` is 
required.
        at SchemaStri
ng.doValidate 
(D:\interview\MCA PRO
JECT\backend\node_mod
ules\mongoose\lib\sch
emaType.js:1425:13)
        at 
validatePath 
(D:\interview\MCA PRO
JECT\backend\node_mod
ules\mongoose\lib\doc
ument.js:3137:24)
        at 
model.$__validate 
(D:\interview\MCA PRO
JECT\backend\node_mod
ules\mongoose\lib\doc
ument.js:3083:21)
        at process.pr
ocessTicksAndRejectio
ns (node:internal/pro
cess/task_queues:105:
5)
        at async 
model.validate 
(D:\interview\MCA PRO
JECT\backend\node_mod
ules\mongoose\lib\doc
ument.js:2663:5)
        at async mode
l.validateBeforeSave 
(D:\interview\MCA PRO
JECT\backend\node_mod
ules\mongoose\lib\plu
gins\validateBeforeSa
ve.js:34:7)
        at async 
Kareem.execPre 
(D:\interview\MCA PRO
JECT\backend\node_mod
ules\kareem\index.js:
65:24)
        at async 
model.$__save 
(D:\interview\MCA PRO
JECT\backend\node_mod
ules\mongoose\lib\mod
el.js:369:5)
        at async 
model.save 
(D:\interview\MCA PRO
JECT\backend\node_mod
ules\mongoose\lib\mod
el.js:609:5)
        at async 
D:\interview\MCA PROJ
ECT\backend\node_modu
les\mongoose\lib\mode
l.js:2722:9 {
      properties: 
[Object],
      kind: 
'required',
      path: 
'groomName',
      value: 
undefined,
      reason: 
undefined,
      Symbol(mongoose
#validatorError): 
true
    }
  },
  _message: 'Wedding 
validation failed'
}
